../../Middlewares/ST/touchgfx/framework/include/touchgfx/Screen.hpp:104:18:virtual void touchgfx::Screen::afterTransition()	0	static
../../Middlewares/ST/touchgfx/framework/include/touchgfx/Screen.hpp:154:18:virtual void touchgfx::Screen::handleKeyEvent(uint8_t)	0	static
../../TouchGFX/generated/gui_generated/include/gui_generated/robottheme_screen/robotThemeViewBase.hpp:33:18:virtual void robotThemeViewBase::scrollList1UpdateItem(CustomContainer1&, int16_t)	0	static
Z:/Github/stm32_widget/clock_widget/TouchGFX/gui/src/robottheme_screen/robotThemeView.cpp:16:6:virtual void robotThemeView::tearDownScreen()	0	static
../../TouchGFX/gui/include/gui/robottheme_screen/robotThemeView.hpp:11:13:robotThemeView::~robotThemeView()	8	static
../../TouchGFX/gui/include/gui/robottheme_screen/robotThemeView.hpp:11:13:virtual robotThemeView::~robotThemeView()	8	static
Z:/Github/stm32_widget/clock_widget/TouchGFX/gui/src/robottheme_screen/robotThemeView.cpp:3:1:robotThemeView::robotThemeView()	8	static
Z:/Github/stm32_widget/clock_widget/TouchGFX/gui/src/robottheme_screen/robotThemeView.cpp:8:6:virtual void robotThemeView::setupScreen()	16	static
Z:/Github/stm32_widget/clock_widget/TouchGFX/gui/src/robottheme_screen/robotThemeView.cpp:21:6:virtual void robotThemeView::handleTickEvent()	16	static
