../../TouchGFX/gui/include/gui/screen7_screen/Screen7Presenter.hpp:28:13:Screen7Presenter::~Screen7Presenter()	0	static
Z:/Github/stm32_widget/clock_widget/TouchGFX/gui/src/screen7_screen/Screen7Presenter.cpp:10:6:virtual void Screen7Presenter::activate()	0	static
../../TouchGFX/gui/include/gui/screen7_screen/Screen7Presenter.hpp:28:13:virtual Screen7Presenter::~Screen7Presenter()	8	static
../../TouchGFX/gui/include/gui/screen7_screen/Screen7Presenter.hpp:28:13:virtual void* Screen7Presenter::_ZThn4_N16Screen7PresenterD1Ev()	0	static
Z:/Github/stm32_widget/clock_widget/TouchGFX/gui/src/screen7_screen/Screen7Presenter.cpp:4:1:Screen7Presenter::Screen7Presenter(Screen7View&)	8	static
