../../Middlewares/ST/touchgfx/framework/include/touchgfx/Screen.hpp:104:18:virtual void touchgfx::Screen::afterTransition()	0	static
../../Middlewares/ST/touchgfx/framework/include/touchgfx/Screen.hpp:144:18:virtual void touchgfx::Screen::handleTickEvent()	0	static
../../Middlewares/ST/touchgfx/framework/include/touchgfx/Screen.hpp:154:18:virtual void touchgfx::Screen::handleKeyEvent(uint8_t)	0	static
C:/TouchGFXProjects/smart_clock/smart_clock/TouchGFX/gui/src/robottheme_screen/robotThemeView.cpp:13:6:virtual void robotThemeView::tearDownScreen()	0	static
../../TouchGFX/gui/include/gui/robottheme_screen/robotThemeView.hpp:11:13:robotThemeView::~robotThemeView()	8	static
../../TouchGFX/gui/include/gui/robottheme_screen/robotThemeView.hpp:11:13:virtual robotThemeView::~robotThemeView()	8	static
C:/TouchGFXProjects/smart_clock/smart_clock/TouchGFX/gui/src/robottheme_screen/robotThemeView.cpp:3:1:robotThemeView::robotThemeView()	8	static
C:/TouchGFXProjects/smart_clock/smart_clock/TouchGFX/gui/src/robottheme_screen/robotThemeView.cpp:8:6:virtual void robotThemeView::setupScreen()	0	static
