../../TouchGFX/gui/include/gui/robottheme_screen/robotThemePresenter.hpp:28:13:robotThemePresenter::~robotThemePresenter()	0	static
C:/TouchGFXProjects/smart_clock/smart_clock/TouchGFX/gui/src/robottheme_screen/robotThemePresenter.cpp:10:6:virtual void robotThemePresenter::activate()	0	static
../../TouchGFX/gui/include/gui/robottheme_screen/robotThemePresenter.hpp:28:13:virtual robotThemePresenter::~robotThemePresenter()	8	static
../../TouchGFX/gui/include/gui/robottheme_screen/robotThemePresenter.hpp:28:13:virtual void* robotThemePresenter::_ZThn4_N19robotThemePresenterD1Ev()	0	static
C:/TouchGFXProjects/smart_clock/smart_clock/TouchGFX/gui/src/robottheme_screen/robotThemePresenter.cpp:4:1:robotThemePresenter::robotThemePresenter(robotThemeView&)	8	static
