../../Middlewares/ST/touchgfx/framework/include/touchgfx/Application.hpp:72:18:virtual void touchgfx::Application::changeToStartScreen()	0	static
../../Middlewares/ST/touchgfx/framework/include/touchgfx/Application.hpp:91:18:virtual void touchgfx::Application::appSwitchScreen(uint8_t)	0	static
../../Middlewares/ST/touchgfx/framework/include/touchgfx/Application.hpp:104:18:virtual void touchgfx::Application::requestRedraw(touchgfx::Rect&)	0	static
../../Middlewares/ST/touchgfx/framework/include/touchgfx/transitions/Transition.hpp:72:18:virtual void touchgfx::Transition::tearDown()	0	static
../../Middlewares/ST/touchgfx/framework/include/touchgfx/transitions/Transition.hpp:80:18:virtual void touchgfx::Transition::init()	0	static
../../Middlewares/ST/touchgfx/framework/include/touchgfx/transitions/Transition.hpp:100:18:virtual void touchgfx::Transition::setScreenContainer(touchgfx::Container&)	0	static
../../Middlewares/ST/touchgfx/framework/include/mvp/MVPApplication.hpp:43:7:touchgfx::MVPApplication::~MVPApplication()	0	static
../../TouchGFX/generated/gui_generated/include/gui_generated/common/FrontendApplicationBase.hpp:16:13:FrontendApplicationBase::~FrontendApplicationBase()	0	static
../../TouchGFX/generated/gui_generated/include/gui_generated/common/FrontendApplicationBase.hpp:18:18:virtual void FrontendApplicationBase::changeToStartScreen()	0	static
../../Middlewares/ST/touchgfx/framework/include/touchgfx/transitions/NoTransition.hpp:35:18:virtual void touchgfx::NoTransition::handleTickEvent()	0	static
../../Middlewares/ST/touchgfx/framework/include/touchgfx/transitions/SlideTransition.hpp:39:7:touchgfx::SlideTransition<touchgfx::EAST>::~SlideTransition()	0	static
../../Middlewares/ST/touchgfx/framework/include/touchgfx/transitions/SlideTransition.hpp:39:7:touchgfx::SlideTransition<touchgfx::SOUTH>::~SlideTransition()	0	static
../../Middlewares/ST/touchgfx/framework/include/touchgfx/transitions/SlideTransition.hpp:39:7:touchgfx::SlideTransition<touchgfx::NORTH>::~SlideTransition()	0	static
../../Middlewares/ST/touchgfx/framework/include/touchgfx/transitions/SlideTransition.hpp:39:7:touchgfx::SlideTransition<touchgfx::WEST>::~SlideTransition()	0	static
../../Middlewares/ST/touchgfx/framework/include/touchgfx/transitions/NoTransition.hpp:31:7:touchgfx::NoTransition::~NoTransition()	0	static
../../Middlewares/ST/touchgfx/framework/include/touchgfx/Callback.hpp:424:8:touchgfx::Callback<FrontendApplicationBase>::~Callback()	0	static
../../Middlewares/ST/touchgfx/framework/include/touchgfx/Callback.hpp:449:18:void touchgfx::Callback<dest_type, void, void, void>::execute() [with dest_type = FrontendApplicationBase]	4	static
../../Middlewares/ST/touchgfx/framework/include/touchgfx/Callback.hpp:459:18:bool touchgfx::Callback<dest_type, void, void, void>::isValid() const [with dest_type = FrontendApplicationBase]	0	static
../../Middlewares/ST/touchgfx/framework/include/touchgfx/transitions/NoTransition.hpp:31:7:virtual touchgfx::NoTransition::~NoTransition()	8	static
../../Middlewares/ST/touchgfx/framework/include/touchgfx/Callback.hpp:424:8:virtual touchgfx::Callback<FrontendApplicationBase>::~Callback()	8	static
../../Middlewares/ST/touchgfx/framework/include/mvp/MVPApplication.hpp:43:7:virtual touchgfx::MVPApplication::~MVPApplication()	8	static
../../TouchGFX/generated/gui_generated/include/gui_generated/common/FrontendApplicationBase.hpp:16:13:virtual FrontendApplicationBase::~FrontendApplicationBase()	8	static
../../Middlewares/ST/touchgfx/framework/include/touchgfx/transitions/SlideTransition.hpp:39:7:virtual touchgfx::SlideTransition<touchgfx::EAST>::~SlideTransition()	8	static
../../Middlewares/ST/touchgfx/framework/include/touchgfx/transitions/SlideTransition.hpp:39:7:virtual touchgfx::SlideTransition<touchgfx::SOUTH>::~SlideTransition()	8	static
../../Middlewares/ST/touchgfx/framework/include/touchgfx/transitions/SlideTransition.hpp:39:7:virtual touchgfx::SlideTransition<touchgfx::NORTH>::~SlideTransition()	8	static
../../Middlewares/ST/touchgfx/framework/include/touchgfx/transitions/SlideTransition.hpp:39:7:virtual touchgfx::SlideTransition<touchgfx::WEST>::~SlideTransition()	8	static
../../Middlewares/ST/touchgfx/framework/include/touchgfx/transitions/Transition.hpp:89:18:virtual void touchgfx::Transition::invalidate()	8	static
../../Middlewares/ST/touchgfx/framework/include/touchgfx/transitions/SlideTransition.hpp:146:18:void touchgfx::SlideTransition<templateDirection>::tearDown() [with touchgfx::Direction templateDirection = touchgfx::EAST]	0	static
../../Middlewares/ST/touchgfx/framework/include/touchgfx/transitions/SlideTransition.hpp:146:18:void touchgfx::SlideTransition<templateDirection>::tearDown() [with touchgfx::Direction templateDirection = touchgfx::SOUTH]	0	static
../../Middlewares/ST/touchgfx/framework/include/touchgfx/transitions/SlideTransition.hpp:146:18:void touchgfx::SlideTransition<templateDirection>::tearDown() [with touchgfx::Direction templateDirection = touchgfx::NORTH]	0	static
../../Middlewares/ST/touchgfx/framework/include/touchgfx/transitions/SlideTransition.hpp:146:18:void touchgfx::SlideTransition<templateDirection>::tearDown() [with touchgfx::Direction templateDirection = touchgfx::WEST]	0	static
../../Middlewares/ST/touchgfx/framework/include/touchgfx/transitions/SlideTransition.hpp:154:18:void touchgfx::SlideTransition<templateDirection>::init() [with touchgfx::Direction templateDirection = touchgfx::EAST]	16	static
../../Middlewares/ST/touchgfx/framework/include/touchgfx/transitions/SlideTransition.hpp:87:18:void touchgfx::SlideTransition<templateDirection>::handleTickEvent() [with touchgfx::Direction templateDirection = touchgfx::EAST]	16	static
../../Middlewares/ST/touchgfx/framework/include/touchgfx/transitions/SlideTransition.hpp:154:18:void touchgfx::SlideTransition<templateDirection>::init() [with touchgfx::Direction templateDirection = touchgfx::WEST]	16	static
../../Middlewares/ST/touchgfx/framework/include/touchgfx/transitions/SlideTransition.hpp:87:18:void touchgfx::SlideTransition<templateDirection>::handleTickEvent() [with touchgfx::Direction templateDirection = touchgfx::WEST]	16	static
../../Middlewares/ST/touchgfx/framework/include/touchgfx/transitions/SlideTransition.hpp:154:18:void touchgfx::SlideTransition<templateDirection>::init() [with touchgfx::Direction templateDirection = touchgfx::SOUTH]	16	static
../../Middlewares/ST/touchgfx/framework/include/touchgfx/transitions/SlideTransition.hpp:87:18:void touchgfx::SlideTransition<templateDirection>::handleTickEvent() [with touchgfx::Direction templateDirection = touchgfx::SOUTH]	16	static
../../Middlewares/ST/touchgfx/framework/include/touchgfx/transitions/SlideTransition.hpp:154:18:void touchgfx::SlideTransition<templateDirection>::init() [with touchgfx::Direction templateDirection = touchgfx::NORTH]	16	static
../../Middlewares/ST/touchgfx/framework/include/touchgfx/transitions/SlideTransition.hpp:87:18:void touchgfx::SlideTransition<templateDirection>::handleTickEvent() [with touchgfx::Direction templateDirection = touchgfx::NORTH]	16	static
../../Middlewares/ST/touchgfx/framework/include/mvp/MVPApplication.hpp:59:18:virtual void touchgfx::MVPApplication::handlePendingScreenTransition()	8	static
Z:/Github/stm32_widget/clock_widget/TouchGFX/generated/gui_generated/src/common/FrontendApplicationBase.cpp:238:6:void FrontendApplicationBase::gotocustomThemeScreenNoTransitionImpl()	40	static
Z:/Github/stm32_widget/clock_widget/TouchGFX/generated/gui_generated/src/common/FrontendApplicationBase.cpp:214:6:void FrontendApplicationBase::gotorobotThemeScreenNoTransitionImpl()	40	static
../../Middlewares/ST/touchgfx/framework/include/touchgfx/Drawable.hpp:233:10:void touchgfx::Drawable::setPosition(int16_t, int16_t, int16_t, int16_t)	24	static
Z:/Github/stm32_widget/clock_widget/TouchGFX/generated/gui_generated/src/common/FrontendApplicationBase.cpp:68:6:void FrontendApplicationBase::gotoScreen1ScreenSlideTransitionNorthImpl()	48	static
Z:/Github/stm32_widget/clock_widget/TouchGFX/generated/gui_generated/src/common/FrontendApplicationBase.cpp:225:6:void FrontendApplicationBase::gotorobotThemeScreenSlideTransitionSouthImpl()	48	static
../../Middlewares/ST/touchgfx/framework/include/touchgfx/hal/HAL.hpp:268:17:static touchgfx::LCD& touchgfx::HAL::lcd()	0	static
Z:/Github/stm32_widget/clock_widget/TouchGFX/generated/gui_generated/src/common/FrontendApplicationBase.cpp:33:1:FrontendApplicationBase::FrontendApplicationBase(Model&, FrontendHeap&)	24	static
Z:/Github/stm32_widget/clock_widget/TouchGFX/generated/gui_generated/src/common/FrontendApplicationBase.cpp:51:6:void FrontendApplicationBase::gotoScreen1ScreenSlideTransitionWest()	0	static
Z:/Github/stm32_widget/clock_widget/TouchGFX/generated/gui_generated/src/common/FrontendApplicationBase.cpp:62:6:void FrontendApplicationBase::gotoScreen1ScreenSlideTransitionNorth()	0	static
Z:/Github/stm32_widget/clock_widget/TouchGFX/generated/gui_generated/src/common/FrontendApplicationBase.cpp:75:6:void FrontendApplicationBase::gotoScreen2ScreenSlideTransitionEast()	0	static
Z:/Github/stm32_widget/clock_widget/TouchGFX/generated/gui_generated/src/common/FrontendApplicationBase.cpp:86:6:void FrontendApplicationBase::gotoScreen2ScreenSlideTransitionWest()	0	static
Z:/Github/stm32_widget/clock_widget/TouchGFX/generated/gui_generated/src/common/FrontendApplicationBase.cpp:99:6:void FrontendApplicationBase::gotoScreen3ScreenSlideTransitionEast()	0	static
Z:/Github/stm32_widget/clock_widget/TouchGFX/generated/gui_generated/src/common/FrontendApplicationBase.cpp:110:6:void FrontendApplicationBase::gotoScreen3ScreenSlideTransitionWest()	0	static
Z:/Github/stm32_widget/clock_widget/TouchGFX/generated/gui_generated/src/common/FrontendApplicationBase.cpp:123:6:void FrontendApplicationBase::gotoScreen4ScreenSlideTransitionEast()	0	static
Z:/Github/stm32_widget/clock_widget/TouchGFX/generated/gui_generated/src/common/FrontendApplicationBase.cpp:134:6:void FrontendApplicationBase::gotoScreen4ScreenSlideTransitionWest()	0	static
Z:/Github/stm32_widget/clock_widget/TouchGFX/generated/gui_generated/src/common/FrontendApplicationBase.cpp:147:6:void FrontendApplicationBase::gotoScreen5ScreenSlideTransitionEast()	0	static
Z:/Github/stm32_widget/clock_widget/TouchGFX/generated/gui_generated/src/common/FrontendApplicationBase.cpp:158:6:void FrontendApplicationBase::gotoScreen5ScreenSlideTransitionWest()	0	static
Z:/Github/stm32_widget/clock_widget/TouchGFX/generated/gui_generated/src/common/FrontendApplicationBase.cpp:171:6:void FrontendApplicationBase::gotoScreen6ScreenSlideTransitionEast()	0	static
Z:/Github/stm32_widget/clock_widget/TouchGFX/generated/gui_generated/src/common/FrontendApplicationBase.cpp:182:6:void FrontendApplicationBase::gotoScreen6ScreenSlideTransitionWest()	0	static
Z:/Github/stm32_widget/clock_widget/TouchGFX/generated/gui_generated/src/common/FrontendApplicationBase.cpp:195:6:void FrontendApplicationBase::gotoScreen7ScreenSlideTransitionEast()	0	static
Z:/Github/stm32_widget/clock_widget/TouchGFX/generated/gui_generated/src/common/FrontendApplicationBase.cpp:208:6:void FrontendApplicationBase::gotorobotThemeScreenNoTransition()	0	static
Z:/Github/stm32_widget/clock_widget/TouchGFX/generated/gui_generated/src/common/FrontendApplicationBase.cpp:219:6:void FrontendApplicationBase::gotorobotThemeScreenSlideTransitionSouth()	0	static
Z:/Github/stm32_widget/clock_widget/TouchGFX/generated/gui_generated/src/common/FrontendApplicationBase.cpp:232:6:void FrontendApplicationBase::gotocustomThemeScreenNoTransition()	0	static
../../Middlewares/ST/touchgfx/framework/include/common/AbstractPartition.hpp:135:8:T& touchgfx::AbstractPartition::at(uint16_t) [with T = touchgfx::SlideTransition<touchgfx::WEST>]	0	static
../../Middlewares/ST/touchgfx/framework/include/touchgfx/transitions/SlideTransition.hpp:47:5:touchgfx::SlideTransition<templateDirection>::SlideTransition(uint8_t) [with touchgfx::Direction templateDirection = touchgfx::WEST]	32	static
Z:/Github/stm32_widget/clock_widget/TouchGFX/generated/gui_generated/src/common/FrontendApplicationBase.cpp:188:6:void FrontendApplicationBase::gotoScreen6ScreenSlideTransitionWestImpl()	32	static
Z:/Github/stm32_widget/clock_widget/TouchGFX/generated/gui_generated/src/common/FrontendApplicationBase.cpp:164:6:void FrontendApplicationBase::gotoScreen5ScreenSlideTransitionWestImpl()	32	static
Z:/Github/stm32_widget/clock_widget/TouchGFX/generated/gui_generated/src/common/FrontendApplicationBase.cpp:140:6:void FrontendApplicationBase::gotoScreen4ScreenSlideTransitionWestImpl()	32	static
Z:/Github/stm32_widget/clock_widget/TouchGFX/generated/gui_generated/src/common/FrontendApplicationBase.cpp:116:6:void FrontendApplicationBase::gotoScreen3ScreenSlideTransitionWestImpl()	32	static
Z:/Github/stm32_widget/clock_widget/TouchGFX/generated/gui_generated/src/common/FrontendApplicationBase.cpp:92:6:void FrontendApplicationBase::gotoScreen2ScreenSlideTransitionWestImpl()	32	static
Z:/Github/stm32_widget/clock_widget/TouchGFX/generated/gui_generated/src/common/FrontendApplicationBase.cpp:57:6:void FrontendApplicationBase::gotoScreen1ScreenSlideTransitionWestImpl()	32	static
../../Middlewares/ST/touchgfx/framework/include/common/AbstractPartition.hpp:135:8:T& touchgfx::AbstractPartition::at(uint16_t) [with T = touchgfx::SlideTransition<touchgfx::EAST>]	0	static
../../Middlewares/ST/touchgfx/framework/include/touchgfx/transitions/SlideTransition.hpp:47:5:touchgfx::SlideTransition<templateDirection>::SlideTransition(uint8_t) [with touchgfx::Direction templateDirection = touchgfx::EAST]	32	static
Z:/Github/stm32_widget/clock_widget/TouchGFX/generated/gui_generated/src/common/FrontendApplicationBase.cpp:201:6:void FrontendApplicationBase::gotoScreen7ScreenSlideTransitionEastImpl()	32	static
Z:/Github/stm32_widget/clock_widget/TouchGFX/generated/gui_generated/src/common/FrontendApplicationBase.cpp:177:6:void FrontendApplicationBase::gotoScreen6ScreenSlideTransitionEastImpl()	32	static
Z:/Github/stm32_widget/clock_widget/TouchGFX/generated/gui_generated/src/common/FrontendApplicationBase.cpp:153:6:void FrontendApplicationBase::gotoScreen5ScreenSlideTransitionEastImpl()	32	static
Z:/Github/stm32_widget/clock_widget/TouchGFX/generated/gui_generated/src/common/FrontendApplicationBase.cpp:129:6:void FrontendApplicationBase::gotoScreen4ScreenSlideTransitionEastImpl()	32	static
Z:/Github/stm32_widget/clock_widget/TouchGFX/generated/gui_generated/src/common/FrontendApplicationBase.cpp:105:6:void FrontendApplicationBase::gotoScreen3ScreenSlideTransitionEastImpl()	32	static
Z:/Github/stm32_widget/clock_widget/TouchGFX/generated/gui_generated/src/common/FrontendApplicationBase.cpp:81:6:void FrontendApplicationBase::gotoScreen2ScreenSlideTransitionEastImpl()	32	static
