C:/Github/stm32_widget/clock_widget_2/Core/Src/main.c:773:6:StartDefaultTask	8	static
C:/Github/stm32_widget/clock_widget_2/Core/Src/main.c:127:13:toggleBuzzer	0	static
C:/Github/stm32_widget/clock_widget_2/Core/Src/main.c:132:13:toggleBuzzerOff	0	static
C:/Github/stm32_widget/clock_widget_2/Core/Src/main.c:146:6:HAL_UARTEx_RxEventCallback	32	static
C:/Github/stm32_widget/clock_widget_2/Core/Src/main.c:274:6:SystemClock_Config	88	static
C:/Github/stm32_widget/clock_widget_2/Core/Src/main.c:166:5:main	120	static,ignoring_inline_asm
C:/Github/stm32_widget/clock_widget_2/Core/Src/main.c:756:6:HAL_GPIO_EXTI_Callback	0	static
C:/Github/stm32_widget/clock_widget_2/Core/Src/main.c:831:6:HAL_TIM_PeriodElapsedCallback	0	static
C:/Github/stm32_widget/clock_widget_2/Core/Src/main.c:848:6:Error_Handler	0	static
