../../Middlewares/ST/touchgfx/framework/include/touchgfx/Drawable.hpp:147:23:virtual touchgfx::Drawable* touchgfx::Drawable::getFirstChild()	0	static
../../Middlewares/ST/touchgfx/framework/include/touchgfx/Drawable.hpp:315:18:virtual void touchgfx::Drawable::setX(int16_t)	0	static
../../Middlewares/ST/touchgfx/framework/include/touchgfx/Drawable.hpp:327:18:virtual void touchgfx::Drawable::setY(int16_t)	0	static
../../Middlewares/ST/touchgfx/framework/include/touchgfx/Drawable.hpp:356:18:virtual void touchgfx::Drawable::setWidth(int16_t)	0	static
../../Middlewares/ST/touchgfx/framework/include/touchgfx/Drawable.hpp:368:18:virtual void touchgfx::Drawable::setHeight(int16_t)	0	static
../../Middlewares/ST/touchgfx/framework/include/touchgfx/Drawable.hpp:378:18:virtual void touchgfx::Drawable::childGeometryChanged()	0	static
../../Middlewares/ST/touchgfx/framework/include/touchgfx/Drawable.hpp:389:18:virtual void touchgfx::Drawable::handleClickEvent(const touchgfx::ClickEvent&)	0	static
../../Middlewares/ST/touchgfx/framework/include/touchgfx/Drawable.hpp:401:18:virtual void touchgfx::Drawable::handleGestureEvent(const touchgfx::GestureEvent&)	0	static
../../Middlewares/ST/touchgfx/framework/include/touchgfx/Drawable.hpp:490:18:virtual void touchgfx::Drawable::handleDragEvent(const touchgfx::DragEvent&)	0	static
../../Middlewares/ST/touchgfx/framework/include/touchgfx/Drawable.hpp:501:18:virtual void touchgfx::Drawable::handleTickEvent()	0	static
../../Middlewares/ST/touchgfx/framework/include/touchgfx/Drawable.hpp:588:18:virtual void touchgfx::Drawable::moveTo(int16_t, int16_t)	4	static
../../Middlewares/ST/touchgfx/framework/include/touchgfx/Drawable.hpp:703:18:virtual void touchgfx::Drawable::setupDrawChain(const touchgfx::Rect&, touchgfx::Drawable**)	0	static
../../Middlewares/ST/touchgfx/framework/include/touchgfx/containers/Container.hpp:165:23:virtual touchgfx::Drawable* touchgfx::Container::getFirstChild()	0	static
../../Middlewares/ST/touchgfx/framework/include/touchgfx/Screen.hpp:93:18:virtual void touchgfx::Screen::setupScreen()	0	static
../../Middlewares/ST/touchgfx/framework/include/touchgfx/Screen.hpp:104:18:virtual void touchgfx::Screen::afterTransition()	0	static
../../Middlewares/ST/touchgfx/framework/include/touchgfx/Screen.hpp:115:18:virtual void touchgfx::Screen::tearDownScreen()	0	static
../../Middlewares/ST/touchgfx/framework/include/touchgfx/Screen.hpp:144:18:virtual void touchgfx::Screen::handleTickEvent()	0	static
../../Middlewares/ST/touchgfx/framework/include/touchgfx/Screen.hpp:154:18:virtual void touchgfx::Screen::handleKeyEvent(uint8_t)	0	static
../../Middlewares/ST/touchgfx/framework/include/touchgfx/widgets/Widget.hpp:45:18:virtual void touchgfx::Widget::getLastChild(int16_t, int16_t, touchgfx::Drawable**)	0	static
../../Middlewares/ST/touchgfx/framework/include/touchgfx/TypedText.hpp:65:13:touchgfx::TypedText::~TypedText()	0	static
../../Middlewares/ST/touchgfx/framework/include/touchgfx/widgets/TextArea.hpp:48:18:virtual void touchgfx::TextArea::setWidth(int16_t)	32	static
../../Middlewares/ST/touchgfx/framework/include/touchgfx/widgets/TextArea.hpp:54:18:virtual void touchgfx::TextArea::setHeight(int16_t)	32	static
../../Middlewares/ST/touchgfx/framework/include/touchgfx/widgets/TextArea.hpp:60:18:virtual touchgfx::Rect touchgfx::TextArea::getSolidRect() const	0	static
../../Middlewares/ST/touchgfx/framework/include/touchgfx/widgets/TextArea.hpp:89:18:virtual void touchgfx::TextArea::setAlpha(uint8_t)	0	static
../../Middlewares/ST/touchgfx/framework/include/touchgfx/widgets/TextArea.hpp:127:18:virtual void touchgfx::TextArea::setXBaselineY(int16_t, int16_t)	16	static
../../Middlewares/ST/touchgfx/framework/include/touchgfx/widgets/TextAreaWithWildcard.hpp:147:41:virtual const UnicodeChar* touchgfx::TextAreaWithTwoWildcards::getWildcard1() const	0	static
../../Middlewares/ST/touchgfx/framework/include/touchgfx/widgets/TextAreaWithWildcard.hpp:166:41:virtual const UnicodeChar* touchgfx::TextAreaWithTwoWildcards::getWildcard2() const	0	static
../../Middlewares/ST/touchgfx/framework/include/touchgfx/widgets/canvas/AbstractPainter.hpp:61:34:virtual touchgfx::HAL::RenderingMethod touchgfx::AbstractPainter::getRenderingMethod() const	0	static
../../Middlewares/ST/touchgfx/framework/include/touchgfx/widgets/canvas/AbstractPainter.hpp:78:18:virtual bool touchgfx::AbstractPainter::setup(const touchgfx::Rect&) const	0	static
../../Middlewares/ST/touchgfx/framework/include/touchgfx/widgets/canvas/AbstractPainter.hpp:90:18:virtual void touchgfx::AbstractPainter::tearDown() const	0	static
../../Middlewares/ST/touchgfx/framework/include/touchgfx/widgets/canvas/CanvasWidget.hpp:66:18:virtual void touchgfx::CanvasWidget::setAlpha(uint8_t)	0	static
../../Middlewares/ST/touchgfx/framework/include/touchgfx/widgets/canvas/CanvasWidget.hpp:72:21:virtual uint8_t touchgfx::CanvasWidget::getAlpha() const	0	static
../../Middlewares/ST/touchgfx/framework/include/touchgfx/widgets/canvas/CanvasWidget.hpp:118:18:virtual touchgfx::Rect touchgfx::CanvasWidget::getMinimalRect() const	8	static
../../Middlewares/ST/touchgfx/framework/include/touchgfx/widgets/canvas/CanvasWidget.hpp:134:18:virtual touchgfx::Rect touchgfx::CanvasWidget::getSolidRect() const	0	static
../../Middlewares/ST/touchgfx/framework/include/touchgfx/widgets/Gauge.hpp:74:18:virtual void touchgfx::Gauge::getCenter(int&, int&) const	0	static
../../Middlewares/ST/touchgfx/framework/include/touchgfx/widgets/graph/AbstractDataGraph.hpp:172:18:virtual void touchgfx::AbstractDataGraph::setAlpha(uint8_t)	0	static
../../Middlewares/ST/touchgfx/framework/include/touchgfx/widgets/graph/AbstractDataGraph.hpp:440:18:virtual void touchgfx::AbstractDataGraph::setGraphRangeX(int, int)	4	static
../../Middlewares/ST/touchgfx/framework/include/touchgfx/widgets/graph/AbstractDataGraph.hpp:446:18:virtual void touchgfx::AbstractDataGraph::setGraphRangeX(float, float)	4	static
../../Middlewares/ST/touchgfx/framework/include/touchgfx/widgets/graph/AbstractDataGraph.hpp:478:18:virtual void touchgfx::AbstractDataGraph::setGraphRangeXAuto(bool, int)	4	static
../../Middlewares/ST/touchgfx/framework/include/touchgfx/widgets/graph/AbstractDataGraph.hpp:484:18:virtual void touchgfx::AbstractDataGraph::setGraphRangeXAuto(bool, float)	4	static
../../Middlewares/ST/touchgfx/framework/include/touchgfx/widgets/graph/AbstractDataGraph.hpp:507:18:virtual void touchgfx::AbstractDataGraph::setGraphRangeY(int, int)	4	static
../../Middlewares/ST/touchgfx/framework/include/touchgfx/widgets/graph/AbstractDataGraph.hpp:515:18:virtual void touchgfx::AbstractDataGraph::setGraphRangeY(float, float)	4	static
../../Middlewares/ST/touchgfx/framework/include/touchgfx/widgets/graph/AbstractDataGraph.hpp:543:18:virtual void touchgfx::AbstractDataGraph::setGraphRangeYAuto(bool, int)	4	static
../../Middlewares/ST/touchgfx/framework/include/touchgfx/widgets/graph/AbstractDataGraph.hpp:549:18:virtual void touchgfx::AbstractDataGraph::setGraphRangeYAuto(bool, float)	4	static
../../Middlewares/ST/touchgfx/framework/include/touchgfx/widgets/graph/AbstractDataGraph.hpp:559:17:virtual int touchgfx::AbstractDataGraph::getGraphRangeXMinAsInt() const	0	static
../../Middlewares/ST/touchgfx/framework/include/touchgfx/widgets/graph/AbstractDataGraph.hpp:569:19:virtual float touchgfx::AbstractDataGraph::getGraphRangeXMinAsFloat() const	0	static
../../Middlewares/ST/touchgfx/framework/include/touchgfx/widgets/graph/AbstractDataGraph.hpp:583:17:virtual int touchgfx::AbstractDataGraph::getGraphRangeXMinScaled() const	0	static
../../Middlewares/ST/touchgfx/framework/include/touchgfx/widgets/graph/AbstractDataGraph.hpp:593:17:virtual int touchgfx::AbstractDataGraph::getGraphRangeXMaxAsInt() const	0	static
../../Middlewares/ST/touchgfx/framework/include/touchgfx/widgets/graph/AbstractDataGraph.hpp:603:19:virtual float touchgfx::AbstractDataGraph::getGraphRangeXMaxAsFloat() const	0	static
../../Middlewares/ST/touchgfx/framework/include/touchgfx/widgets/graph/AbstractDataGraph.hpp:617:17:virtual int touchgfx::AbstractDataGraph::getGraphRangeXMaxScaled() const	0	static
../../Middlewares/ST/touchgfx/framework/include/touchgfx/widgets/graph/AbstractDataGraph.hpp:627:17:virtual int touchgfx::AbstractDataGraph::getGraphRangeYMinAsInt() const	0	static
../../Middlewares/ST/touchgfx/framework/include/touchgfx/widgets/graph/AbstractDataGraph.hpp:637:19:virtual float touchgfx::AbstractDataGraph::getGraphRangeYMinAsFloat() const	0	static
../../Middlewares/ST/touchgfx/framework/include/touchgfx/widgets/graph/AbstractDataGraph.hpp:649:17:virtual int touchgfx::AbstractDataGraph::getGraphRangeYMinScaled() const	0	static
../../Middlewares/ST/touchgfx/framework/include/touchgfx/widgets/graph/AbstractDataGraph.hpp:659:17:virtual int touchgfx::AbstractDataGraph::getGraphRangeYMaxAsInt() const	0	static
../../Middlewares/ST/touchgfx/framework/include/touchgfx/widgets/graph/AbstractDataGraph.hpp:669:19:virtual float touchgfx::AbstractDataGraph::getGraphRangeYMaxAsFloat() const	0	static
../../Middlewares/ST/touchgfx/framework/include/touchgfx/widgets/graph/AbstractDataGraph.hpp:681:17:virtual int touchgfx::AbstractDataGraph::getGraphRangeYMaxScaled() const	0	static
../../Middlewares/ST/touchgfx/framework/include/touchgfx/widgets/graph/AbstractDataGraph.hpp:1360:18:virtual void touchgfx::DynamicDataGraph::setScale(int, bool)	16	static
../../Middlewares/ST/touchgfx/framework/include/touchgfx/widgets/graph/AbstractDataGraph.hpp:1373:17:virtual int touchgfx::DynamicDataGraph::getScale() const	0	static
../../Middlewares/ST/touchgfx/framework/include/touchgfx/widgets/graph/AbstractDataGraph.hpp:1411:17:virtual int touchgfx::DynamicDataGraph::getGraphRangeXMin() const	0	static
../../Middlewares/ST/touchgfx/framework/include/touchgfx/widgets/graph/AbstractDataGraph.hpp:1421:17:virtual int touchgfx::DynamicDataGraph::getGraphRangeXMax() const	0	static
../../Middlewares/ST/touchgfx/framework/include/touchgfx/widgets/graph/AbstractDataGraph.hpp:1428:18:virtual void touchgfx::DynamicDataGraph::setGraphRangeXAutoScaled(bool, int)	4	static
../../Middlewares/ST/touchgfx/framework/include/touchgfx/widgets/graph/AbstractDataGraph.hpp:1434:5:virtual void touchgfx::DynamicDataGraph::setXAxisScale(int)	0	static
../../Middlewares/ST/touchgfx/framework/include/touchgfx/widgets/graph/AbstractDataGraph.hpp:1447:18:virtual void touchgfx::DynamicDataGraph::setXAxisFactor(int)	0	static
../../Middlewares/ST/touchgfx/framework/include/touchgfx/widgets/graph/AbstractDataGraph.hpp:1453:5:virtual void touchgfx::DynamicDataGraph::setXAxisScale(float)	0	static
../../Middlewares/ST/touchgfx/framework/include/touchgfx/widgets/graph/AbstractDataGraph.hpp:1461:18:virtual void touchgfx::DynamicDataGraph::setXAxisFactor(float)	0	static
../../Middlewares/ST/touchgfx/framework/include/touchgfx/widgets/graph/AbstractDataGraph.hpp:1474:18:virtual void touchgfx::DynamicDataGraph::setXAxisFactorScaled(int)	0	static
../../Middlewares/ST/touchgfx/framework/include/touchgfx/widgets/graph/AbstractDataGraph.hpp:1480:5:virtual int touchgfx::DynamicDataGraph::getXAxisScaleAsInt() const	0	static
../../Middlewares/ST/touchgfx/framework/include/touchgfx/widgets/graph/AbstractDataGraph.hpp:1493:17:virtual int touchgfx::DynamicDataGraph::getXAxisFactorAsInt() const	8	static
../../Middlewares/ST/touchgfx/framework/include/touchgfx/widgets/graph/AbstractDataGraph.hpp:1499:5:virtual float touchgfx::DynamicDataGraph::getXAxisScaleAsFloat() const	0	static
../../Middlewares/ST/touchgfx/framework/include/touchgfx/widgets/graph/AbstractDataGraph.hpp:1507:19:virtual float touchgfx::DynamicDataGraph::getXAxisFactorAsFloat() const	8	static
../../Middlewares/ST/touchgfx/framework/include/touchgfx/widgets/graph/AbstractDataGraph.hpp:1519:17:virtual int touchgfx::DynamicDataGraph::getXAxisFactorScaled() const	0	static
../../Middlewares/ST/touchgfx/framework/include/touchgfx/widgets/graph/AbstractDataGraph.hpp:1530:18:virtual void touchgfx::DynamicDataGraph::setXAxisOffset(int)	0	static
../../Middlewares/ST/touchgfx/framework/include/touchgfx/widgets/graph/AbstractDataGraph.hpp:1536:18:virtual void touchgfx::DynamicDataGraph::setXAxisOffset(float)	0	static
../../Middlewares/ST/touchgfx/framework/include/touchgfx/widgets/graph/AbstractDataGraph.hpp:1551:18:virtual void touchgfx::DynamicDataGraph::setXAxisOffsetScaled(int)	0	static
../../Middlewares/ST/touchgfx/framework/include/touchgfx/widgets/graph/AbstractDataGraph.hpp:1562:17:virtual int touchgfx::DynamicDataGraph::getXAxisOffsetAsInt() const	8	static
../../Middlewares/ST/touchgfx/framework/include/touchgfx/widgets/graph/AbstractDataGraph.hpp:1568:19:virtual float touchgfx::DynamicDataGraph::getXAxisOffsetAsFloat() const	8	static
../../Middlewares/ST/touchgfx/framework/include/touchgfx/widgets/graph/AbstractDataGraph.hpp:1580:17:virtual int touchgfx::DynamicDataGraph::getXAxisOffsetScaled() const	0	static
../../Middlewares/ST/touchgfx/framework/include/touchgfx/widgets/graph/AbstractDataGraph.hpp:1630:21:virtual int16_t touchgfx::DynamicDataGraph::dataIndex(int16_t) const	0	static
../../Middlewares/ST/touchgfx/framework/include/touchgfx/widgets/graph/AbstractDataGraph.hpp:1648:17:virtual int touchgfx::DynamicDataGraph::indexToXAxis(int, int) const	8	static
../../Middlewares/ST/touchgfx/framework/include/touchgfx/widgets/graph/AbstractDataGraph.hpp:1658:17:virtual int touchgfx::DynamicDataGraph::getScaleX() const	0	static
../../Middlewares/ST/touchgfx/framework/include/touchgfx/widgets/graph/AbstractDataGraph.hpp:1665:17:virtual int touchgfx::DynamicDataGraph::getScaleY() const	0	static
../../Middlewares/ST/touchgfx/framework/include/touchgfx/widgets/graph/AbstractDataGraph.hpp:1671:5:virtual void touchgfx::DynamicDataGraph::setXAxisScaleScaled(int)	0	static
../../Middlewares/ST/touchgfx/framework/include/touchgfx/widgets/graph/AbstractDataGraph.hpp:1679:5:virtual int touchgfx::DynamicDataGraph::getXAxisScaleScaled() const	0	static
../../Middlewares/ST/touchgfx/framework/include/touchgfx/widgets/graph/AbstractDataGraph.hpp:1686:25:virtual touchgfx::CWRUtil::Q5 touchgfx::DynamicDataGraph::indexToScreenXQ5(int16_t) const	0	static
../../Middlewares/ST/touchgfx/framework/include/touchgfx/widgets/graph/AbstractDataGraph.hpp:1691:25:virtual touchgfx::CWRUtil::Q5 touchgfx::DynamicDataGraph::indexToScreenYQ5(int16_t) const	16	static
../../Middlewares/ST/touchgfx/framework/include/touchgfx/widgets/graph/GraphWrapAndClear.hpp:47:21:virtual int32_t touchgfx::GraphWrapAndClearData::indexToGlobalIndex(int16_t) const	0	static
../../TouchGFX/generated/gui_generated/include/gui_generated/robottheme_screen/robotThemeViewBase.hpp:39:18:virtual void robotThemeViewBase::hourScrollWheelUpdateItem(alarmContainer&, int16_t)	0	static
../../TouchGFX/generated/gui_generated/include/gui_generated/robottheme_screen/robotThemeViewBase.hpp:44:18:virtual void robotThemeViewBase::hourScrollWheelUpdateCenterItem(alarmCenterContainer&, int16_t)	0	static
../../TouchGFX/generated/gui_generated/include/gui_generated/robottheme_screen/robotThemeViewBase.hpp:49:18:virtual void robotThemeViewBase::minuteScrollWheelUpdateItem(alarmContainer&, int16_t)	0	static
../../TouchGFX/generated/gui_generated/include/gui_generated/robottheme_screen/robotThemeViewBase.hpp:54:18:virtual void robotThemeViewBase::minuteScrollWheelUpdateCenterItem(alarmCenterContainer&, int16_t)	0	static
../../TouchGFX/generated/gui_generated/include/gui_generated/robottheme_screen/robotThemeViewBase.hpp:63:18:virtual void robotThemeViewBase::buttonPlayClicked()	0	static
../../TouchGFX/generated/gui_generated/include/gui_generated/robottheme_screen/robotThemeViewBase.hpp:67:18:virtual void robotThemeViewBase::buttonStopClicked()	0	static
../../TouchGFX/generated/gui_generated/include/gui_generated/robottheme_screen/robotThemeViewBase.hpp:71:18:virtual void robotThemeViewBase::buttonResetClicked()	0	static
../../TouchGFX/generated/gui_generated/include/gui_generated/robottheme_screen/robotThemeViewBase.hpp:75:18:virtual void robotThemeViewBase::buttonTimerMaxClicked()	0	static
../../TouchGFX/generated/gui_generated/include/gui_generated/robottheme_screen/robotThemeViewBase.hpp:79:18:virtual void robotThemeViewBase::bottonTimerMinClicked()	0	static
../../Middlewares/ST/touchgfx/framework/include/mvp/View.hpp:36:7:touchgfx::View<robotThemePresenter>::~View()	0	static
C:/Github/stm32_widget/clock_widget_2/TouchGFX/generated/gui_generated/src/robottheme_screen/robotThemeViewBase.cpp:595:6:void robotThemeViewBase::buttonCallbackHandler(const touchgfx::AbstractButton&)	16	static
C:/Github/stm32_widget/clock_widget_2/TouchGFX/generated/gui_generated/src/robottheme_screen/robotThemeViewBase.cpp:647:6:void robotThemeViewBase::updateItemCallbackHandler(touchgfx::DrawableListItemsInterface*, int16_t, int16_t)	24	static
../../Middlewares/ST/touchgfx/framework/include/touchgfx/containers/scrollers/DrawableList.hpp:101:21:int16_t touchgfx::DrawableListItems<TYPE, SIZE>::getNumberOfDrawables() [with TYPE = alarmContainer; int SIZE = 4]	0	static
../../Middlewares/ST/touchgfx/framework/include/touchgfx/containers/scrollers/DrawableList.hpp:101:21:int16_t touchgfx::DrawableListItems<TYPE, SIZE>::getNumberOfDrawables() [with TYPE = alarmCenterContainer; int SIZE = 2]	0	static
../../Middlewares/ST/touchgfx/framework/include/touchgfx/Callback.hpp:357:8:touchgfx::Callback<robotThemeViewBase, const touchgfx::AbstractButton&>::~Callback()	0	static
../../Middlewares/ST/touchgfx/framework/include/touchgfx/Callback.hpp:218:8:touchgfx::Callback<robotThemeViewBase, touchgfx::DrawableListItemsInterface*, short int, short int>::~Callback()	0	static
../../Middlewares/ST/touchgfx/framework/include/touchgfx/widgets/graph/GraphWrapAndClear.hpp:66:7:touchgfx::GraphWrapAndClear<100>::~GraphWrapAndClear()	0	static
../../Middlewares/ST/touchgfx/framework/include/touchgfx/containers/scrollers/DrawableList.hpp:79:7:touchgfx::DrawableListItems<alarmCenterContainer, 2>::~DrawableListItems()	16	static
../../Middlewares/ST/touchgfx/framework/include/touchgfx/containers/scrollers/DrawableList.hpp:79:7:touchgfx::DrawableListItems<alarmContainer, 4>::~DrawableListItems()	16	static
../../Middlewares/ST/touchgfx/framework/include/touchgfx/mixins/ClickListener.hpp:33:7:touchgfx::ClickListener<touchgfx::Gauge>::~ClickListener()	0	static
../../Middlewares/ST/touchgfx/framework/include/touchgfx/widgets/TextAreaWithWildcard.hpp:125:7:touchgfx::TextAreaWithTwoWildcards::~TextAreaWithTwoWildcards()	0	static
../../Middlewares/ST/touchgfx/framework/include/touchgfx/Callback.hpp:386:18:void touchgfx::Callback<dest_type, T1, void, void>::execute(T1) [with dest_type = robotThemeViewBase; T1 = const touchgfx::AbstractButton&]	8	static
../../Middlewares/ST/touchgfx/framework/include/touchgfx/Callback.hpp:396:18:bool touchgfx::Callback<dest_type, T1, void, void>::isValid() const [with dest_type = robotThemeViewBase; T1 = const touchgfx::AbstractButton&]	0	static
../../Middlewares/ST/touchgfx/framework/include/touchgfx/Callback.hpp:250:18:void touchgfx::Callback<dest_type, T1, T2, T3>::execute(T1, T2, T3) [with dest_type = robotThemeViewBase; T1 = touchgfx::DrawableListItemsInterface*; T2 = short int; T3 = short int]	16	static
../../Middlewares/ST/touchgfx/framework/include/touchgfx/Callback.hpp:260:18:bool touchgfx::Callback<dest_type, T1, T2, T3>::isValid() const [with dest_type = robotThemeViewBase; T1 = touchgfx::DrawableListItemsInterface*; T2 = short int; T3 = short int]	0	static
C:/Github/stm32_widget/clock_widget_2/TouchGFX/generated/gui_generated/src/robottheme_screen/robotThemeViewBase.cpp:634:6:virtual void robotThemeViewBase::handleTickEvent()	8	static
../../Middlewares/ST/touchgfx/framework/include/touchgfx/TypedText.hpp:65:13:virtual touchgfx::TypedText::~TypedText()	8	static
../../Middlewares/ST/touchgfx/framework/include/mvp/View.hpp:36:7:virtual touchgfx::View<robotThemePresenter>::~View()	8	static
../../Middlewares/ST/touchgfx/framework/include/touchgfx/widgets/TextAreaWithWildcard.hpp:125:7:virtual touchgfx::TextAreaWithTwoWildcards::~TextAreaWithTwoWildcards()	8	static
../../Middlewares/ST/touchgfx/framework/include/touchgfx/containers/scrollers/DrawableList.hpp:79:7:virtual touchgfx::DrawableListItems<alarmContainer, 4>::~DrawableListItems()	8	static
../../Middlewares/ST/touchgfx/framework/include/touchgfx/containers/scrollers/DrawableList.hpp:79:7:virtual touchgfx::DrawableListItems<alarmCenterContainer, 2>::~DrawableListItems()	8	static
../../Middlewares/ST/touchgfx/framework/include/touchgfx/widgets/graph/GraphWrapAndClear.hpp:66:7:virtual touchgfx::GraphWrapAndClear<100>::~GraphWrapAndClear()	8	static
../../Middlewares/ST/touchgfx/framework/include/touchgfx/Callback.hpp:218:8:virtual touchgfx::Callback<robotThemeViewBase, touchgfx::DrawableListItemsInterface*, short int, short int>::~Callback()	8	static
../../Middlewares/ST/touchgfx/framework/include/touchgfx/Callback.hpp:357:8:virtual touchgfx::Callback<robotThemeViewBase, const touchgfx::AbstractButton&>::~Callback()	8	static
../../Middlewares/ST/touchgfx/framework/include/touchgfx/mixins/ClickListener.hpp:33:7:virtual touchgfx::ClickListener<touchgfx::Gauge>::~ClickListener()	8	static
../../Middlewares/ST/touchgfx/framework/include/touchgfx/Drawable.hpp:121:18:virtual void touchgfx::Drawable::invalidateContent() const	0	static
../../Middlewares/ST/touchgfx/framework/include/touchgfx/widgets/TextAreaWithWildcard.hpp:43:18:virtual void touchgfx::TextAreaWithWildcardBase::invalidateContent() const	8	static
../../Middlewares/ST/touchgfx/framework/include/touchgfx/widgets/graph/AbstractDataGraph.hpp:1176:18:virtual void touchgfx::AbstractDataGraph::invalidateContent() const	8	static
../../Middlewares/ST/touchgfx/framework/include/touchgfx/mixins/ClickListener.hpp:49:18:void touchgfx::ClickListener<T>::handleClickEvent(const touchgfx::ClickEvent&) [with T = touchgfx::Gauge]	16	static
../../Middlewares/ST/touchgfx/framework/include/touchgfx/containers/scrollers/DrawableList.hpp:82:23:touchgfx::Drawable* touchgfx::DrawableListItems<TYPE, SIZE>::getDrawable(int16_t) [with TYPE = alarmContainer; int SIZE = 4]	8	static
../../Middlewares/ST/touchgfx/framework/include/touchgfx/containers/scrollers/DrawableList.hpp:82:23:touchgfx::Drawable* touchgfx::DrawableListItems<TYPE, SIZE>::getDrawable(int16_t) [with TYPE = alarmCenterContainer; int SIZE = 2]	8	static
../../Middlewares/ST/touchgfx/framework/include/touchgfx/widgets/graph/AbstractDataGraph.hpp:1591:17:virtual int touchgfx::DynamicDataGraph::indexToDataPointYScaled(int16_t) const	8	static
../../Middlewares/ST/touchgfx/framework/include/touchgfx/widgets/graph/AbstractDataGraph.hpp:1585:17:virtual int touchgfx::DynamicDataGraph::indexToDataPointXScaled(int16_t) const	8	static
../../Middlewares/ST/touchgfx/framework/include/touchgfx/widgets/TextArea.hpp:111:18:virtual void touchgfx::TextArea::setBaselineY(int16_t)	16	static
../../Middlewares/ST/touchgfx/framework/include/touchgfx/widgets/Gauge.hpp:189:18:virtual void touchgfx::Gauge::invalidateContent() const	8	static
../../Middlewares/ST/touchgfx/framework/include/touchgfx/widgets/TextAreaWithWildcard.hpp:49:36:virtual touchgfx::TextArea::BoundingArea touchgfx::TextAreaWithWildcardBase::calculateBoundingArea() const	0	static
../../Middlewares/ST/touchgfx/framework/include/touchgfx/Drawable.hpp:343:10:void touchgfx::Drawable::setXY(int16_t, int16_t)	16	static
../../Middlewares/ST/touchgfx/framework/include/touchgfx/Drawable.hpp:233:10:void touchgfx::Drawable::setPosition(int16_t, int16_t, int16_t, int16_t)	16	static
../../Middlewares/ST/touchgfx/framework/include/touchgfx/containers/Container.hpp:43:5:touchgfx::Container::Container()	0	static
../../Middlewares/ST/touchgfx/framework/include/touchgfx/widgets/Widget.hpp:36:7:touchgfx::Widget::Widget()	0	static
../../Middlewares/ST/touchgfx/framework/include/touchgfx/widgets/Box.hpp:33:5:touchgfx::Box::Box()	8	static
../../Middlewares/ST/touchgfx/framework/include/touchgfx/widgets/Image.hpp:50:5:touchgfx::Image::Image(const touchgfx::Bitmap&)	16	static
../../Middlewares/ST/touchgfx/framework/include/touchgfx/widgets/TextArea.hpp:43:5:touchgfx::TextArea::TextArea()	8	static
../../Middlewares/ST/touchgfx/framework/include/touchgfx/widgets/Button.hpp:34:5:touchgfx::Button::Button()	8	static
../../Middlewares/ST/touchgfx/framework/include/touchgfx/widgets/canvas/CWRUtil.hpp:828:15:static touchgfx::CWRUtil::Q5 touchgfx::CWRUtil::muldiv_toQ5(int32_t, int32_t, int32_t)	24	static
../../Middlewares/ST/touchgfx/framework/include/touchgfx/widgets/graph/AbstractDataGraph.hpp:1282:25:virtual touchgfx::CWRUtil::Q5 touchgfx::AbstractDataGraph::valueToScreenYQ5(int) const	16	static
../../Middlewares/ST/touchgfx/framework/include/touchgfx/widgets/graph/AbstractDataGraph.hpp:1270:25:virtual touchgfx::CWRUtil::Q5 touchgfx::AbstractDataGraph::valueToScreenXQ5(int) const	16	static
../../Middlewares/ST/touchgfx/framework/include/touchgfx/widgets/canvas/AbstractPainterRGB565.hpp:41:5:touchgfx::AbstractPainterRGB565::AbstractPainterRGB565()	16	static
../../Middlewares/ST/touchgfx/framework/include/touchgfx/widgets/canvas/PainterRGB565.hpp:42:5:touchgfx::PainterRGB565::PainterRGB565(touchgfx::colortype)	16	static
../../Middlewares/ST/touchgfx/framework/include/touchgfx/containers/scrollers/ScrollWheelWithSelectionStyle.hpp:152:18:virtual void touchgfx::ScrollWheelWithSelectionStyle::initialize()	8	static
C:/Github/stm32_widget/clock_widget_2/TouchGFX/generated/gui_generated/src/robottheme_screen/robotThemeViewBase.cpp:572:6:virtual void robotThemeViewBase::setupScreen()	16	static
../../Middlewares/ST/touchgfx/framework/include/touchgfx/containers/scrollers/DrawableList.hpp:79:7:touchgfx::DrawableListItems<alarmContainer, 4>::DrawableListItems()	16	static
../../Middlewares/ST/touchgfx/framework/include/touchgfx/containers/scrollers/DrawableList.hpp:79:7:touchgfx::DrawableListItems<alarmCenterContainer, 2>::DrawableListItems()	8	static
../../Middlewares/ST/touchgfx/framework/include/touchgfx/widgets/canvas/Line.hpp:248:10:void touchgfx::Line::setLineWidth(T) [with T = int]	4	static
C:/Github/stm32_widget/clock_widget_2/TouchGFX/generated/gui_generated/src/robottheme_screen/robotThemeViewBase.cpp:11:1:robotThemeViewBase::robotThemeViewBase()	416	static
C:/Github/stm32_widget/clock_widget_2/TouchGFX/generated/gui_generated/src/robottheme_screen/robotThemeViewBase.cpp:567:1:robotThemeViewBase::~robotThemeViewBase()	8	static
C:/Github/stm32_widget/clock_widget_2/TouchGFX/generated/gui_generated/src/robottheme_screen/robotThemeViewBase.cpp:567:1:virtual robotThemeViewBase::~robotThemeViewBase()	8	static
