../../Middlewares/ST/touchgfx/framework/include/touchgfx/Screen.hpp:104:18:virtual void touchgfx::Screen::afterTransition()	0	static
../../Middlewares/ST/touchgfx/framework/include/touchgfx/Screen.hpp:154:18:virtual void touchgfx::Screen::handleKeyEvent(uint8_t)	0	static
C:/Github/stm32_widget/clock_widget_2/TouchGFX/gui/src/clock_screen/ClockView.cpp:41:6:virtual void ClockView::tearDownScreen()	0	static
C:/Github/stm32_widget/clock_widget_2/TouchGFX/gui/src/clock_screen/ClockView.cpp:161:6:virtual void ClockView::buttonPlayClicked()	0	static
C:/Github/stm32_widget/clock_widget_2/TouchGFX/gui/src/clock_screen/ClockView.cpp:166:6:virtual void ClockView::buttonStopClicked()	0	static
C:/Github/stm32_widget/clock_widget_2/TouchGFX/gui/src/clock_screen/ClockView.cpp:171:6:virtual void ClockView::buttonResetClicked()	0	static
../../Middlewares/ST/touchgfx/framework/include/touchgfx/Callback.hpp:290:8:touchgfx::Callback<ClockView, const touchgfx::Gauge&, const touchgfx::ClickEvent&>::~Callback()	0	static
../../Middlewares/ST/touchgfx/framework/include/touchgfx/Callback.hpp:318:18:void touchgfx::Callback<dest_type, T1, T2, void>::execute(T1, T2) [with dest_type = ClockView; T1 = const touchgfx::Gauge&; T2 = const touchgfx::ClickEvent&]	12	static
../../Middlewares/ST/touchgfx/framework/include/touchgfx/Callback.hpp:328:18:bool touchgfx::Callback<dest_type, T1, T2, void>::isValid() const [with dest_type = ClockView; T1 = const touchgfx::Gauge&; T2 = const touchgfx::ClickEvent&]	0	static
../../Middlewares/ST/touchgfx/framework/include/touchgfx/Callback.hpp:290:8:virtual touchgfx::Callback<ClockView, const touchgfx::Gauge&, const touchgfx::ClickEvent&>::~Callback()	8	static
C:/Github/stm32_widget/clock_widget_2/TouchGFX/gui/src/clock_screen/ClockView.cpp:299:6:virtual void ClockView::hourScrollWheelUpdateItem(alarmContainer&, int16_t)	0	static
../../TouchGFX/gui/include/gui/clock_screen/ClockView.hpp:14:13:ClockView::~ClockView()	8	static
../../TouchGFX/gui/include/gui/clock_screen/ClockView.hpp:14:13:virtual ClockView::~ClockView()	8	static
C:/Github/stm32_widget/clock_widget_2/TouchGFX/gui/src/clock_screen/ClockView.cpp:235:6:void ClockView::gaugeClickHandler(const touchgfx::Gauge&, const touchgfx::ClickEvent&)	0	static
../../Middlewares/ST/touchgfx/framework/include/touchgfx/Bitmap.hpp:142:14:touchgfx::BitmapId touchgfx::Bitmap::getId() const	8	static
../../Middlewares/ST/touchgfx/framework/include/touchgfx/widgets/canvas/CWRUtil.hpp:902:21:static uint32_t touchgfx::CWRUtil::isqrt(uint32_t)	0	static
../../Middlewares/ST/touchgfx/framework/include/touchgfx/widgets/canvas/CWRUtil.hpp:788:15:static touchgfx::CWRUtil::Q5 touchgfx::CWRUtil::length(touchgfx::CWRUtil::Q5, touchgfx::CWRUtil::Q5)	8	static
../../Middlewares/ST/touchgfx/framework/include/touchgfx/widgets/canvas/CWRUtil.hpp:656:19:static int8_t touchgfx::CWRUtil::arcsine(touchgfx::CWRUtil::Q10)	8	static
../../Middlewares/ST/touchgfx/framework/include/touchgfx/widgets/canvas/CWRUtil.hpp:882:16:static int touchgfx::CWRUtil::_angle(touchgfx::CWRUtil::Q5, touchgfx::CWRUtil::Q5, touchgfx::CWRUtil::Q5&)	24	static
C:\ST\STM32CubeIDE_1.13.2\STM32CubeIDE\plugins\com.st.stm32cube.ide.mcu.externaltools.gnu-tools-for-stm32.11.3.rel1.win32_1.1.1.202309131626\tools\bin/../lib/gcc/arm-none-eabi/11.3.1/../../../../arm-none-eabi/include/c++/11.3.1/bits/basic_string.h:6619:3:int std::__cxx11::stoi(const string&, std::size_t*, int)	40	static
C:/Github/stm32_widget/clock_widget_2/TouchGFX/gui/src/clock_screen/ClockView.cpp:3:1:ClockView::ClockView()	8	static
C:/Github/stm32_widget/clock_widget_2/TouchGFX/gui/src/clock_screen/ClockView.cpp:613:1:cpp)	0	static
C:/Github/stm32_widget/clock_widget_2/TouchGFX/gui/src/clock_screen/ClockView.cpp:613:1:cpp)	0	static
C:/Github/stm32_widget/clock_widget_2/TouchGFX/gui/src/clock_screen/ClockView.cpp:29:6:virtual void ClockView::setupScreen()	16	static
C:/Github/stm32_widget/clock_widget_2/TouchGFX/gui/src/clock_screen/ClockView.cpp:197:6:virtual void ClockView::toggleButtonOn()	16	static
C:/Github/stm32_widget/clock_widget_2/TouchGFX/gui/src/clock_screen/ClockView.cpp:217:6:virtual void ClockView::toggleButtonAm()	24	static
C:/Github/stm32_widget/clock_widget_2/TouchGFX/gui/src/clock_screen/ClockView.cpp:304:6:virtual void ClockView::hourScrollWheelUpdateCenterItem(alarmCenterContainer&, int16_t)	16	static
C:/Github/stm32_widget/clock_widget_2/TouchGFX/gui/src/clock_screen/ClockView.cpp:319:6:virtual void ClockView::minuteScrollWheelUpdateCenterItem(alarmCenterContainer&, int16_t)	16	static
C:/Github/stm32_widget/clock_widget_2/TouchGFX/gui/src/clock_screen/ClockView.cpp:46:6:virtual void ClockView::handleTickEvent()	16	static
C:/Github/stm32_widget/clock_widget_2/TouchGFX/gui/src/clock_screen/ClockView.cpp:179:6:virtual void ClockView::buttonTimerMaxClicked()	8	static
C:/Github/stm32_widget/clock_widget_2/TouchGFX/gui/src/clock_screen/ClockView.cpp:188:6:virtual void ClockView::bottonTimerMinClicked()	8	static
C:/Github/stm32_widget/clock_widget_2/TouchGFX/gui/src/clock_screen/ClockView.cpp:254:6:virtual void ClockView::handleDragEvent(const touchgfx::DragEvent&)	24	static
C:/Github/stm32_widget/clock_widget_2/TouchGFX/gui/src/clock_screen/ClockView.cpp:329:6:virtual void ClockView::uart_Data(char*)	96	static
