../../TouchGFX/gui/include/gui/clock_screen/ClockPresenter.hpp:28:13:ClockPresenter::~ClockPresenter()	0	static
C:/Github/stm32_widget/clock_widget_2/TouchGFX/gui/src/clock_screen/ClockPresenter.cpp:10:6:virtual void ClockPresenter::activate()	0	static
C:/Github/stm32_widget/clock_widget_2/TouchGFX/gui/src/clock_screen/ClockPresenter.cpp:20:6:virtual void ClockPresenter::uart_Data(char*)	0	static
../../TouchGFX/gui/include/gui/clock_screen/ClockPresenter.hpp:28:13:virtual ClockPresenter::~ClockPresenter()	8	static
C:/Github/stm32_widget/clock_widget_2/TouchGFX/gui/src/clock_screen/ClockPresenter.cpp:25:6:virtual void ClockPresenter::clockToggleBuzzer()	0	static
C:/Github/stm32_widget/clock_widget_2/TouchGFX/gui/src/clock_screen/ClockPresenter.cpp:30:6:virtual void ClockPresenter::clockToggleBuzzerOff()	0	static
../../TouchGFX/gui/include/gui/clock_screen/ClockPresenter.hpp:28:13:virtual void* ClockPresenter::_ZThn4_N14ClockPresenterD1Ev()	0	static
C:/Github/stm32_widget/clock_widget_2/TouchGFX/gui/src/clock_screen/ClockPresenter.cpp:4:1:ClockPresenter::ClockPresenter(ClockView&)	8	static
C:/Github/stm32_widget/clock_widget_2/TouchGFX/gui/src/clock_screen/ClockPresenter.cpp:33:1:cpp)	0	static
C:/Github/stm32_widget/clock_widget_2/TouchGFX/gui/src/clock_screen/ClockPresenter.cpp:33:1:cpp)	0	static
