../../TouchGFX/gui/include/gui/packet_screen/PacketPresenter.hpp:28:13:PacketPresenter::~PacketPresenter()	0	static
C:/Github/stm32_widget/clock_widget_2/TouchGFX/gui/src/packet_screen/PacketPresenter.cpp:10:6:virtual void PacketPresenter::activate()	0	static
C:/Github/stm32_widget/clock_widget_2/TouchGFX/gui/src/packet_screen/PacketPresenter.cpp:20:6:virtual void PacketPresenter::uart_Data(char*)	0	static
../../TouchGFX/gui/include/gui/packet_screen/PacketPresenter.hpp:28:13:virtual PacketPresenter::~PacketPresenter()	8	static
../../TouchGFX/gui/include/gui/packet_screen/PacketPresenter.hpp:28:13:virtual void* PacketPresenter::_ZThn4_N15PacketPresenterD1Ev()	0	static
C:/Github/stm32_widget/clock_widget_2/TouchGFX/gui/src/packet_screen/PacketPresenter.cpp:4:1:PacketPresenter::PacketPresenter(PacketView&)	8	static
