../../Middlewares/ST/touchgfx/framework/include/touchgfx/Screen.hpp:104:18:virtual void touchgfx::Screen::afterTransition()	0	static
../../Middlewares/ST/touchgfx/framework/include/touchgfx/Screen.hpp:144:18:virtual void touchgfx::Screen::handleTickEvent()	0	static
../../Middlewares/ST/touchgfx/framework/include/touchgfx/Screen.hpp:154:18:virtual void touchgfx::Screen::handleKeyEvent(uint8_t)	0	static
C:/Github/stm32_widget/clock_widget_2/TouchGFX/gui/src/packet_screen/PacketView.cpp:13:6:virtual void PacketView::tearDownScreen()	0	static
../../TouchGFX/gui/include/gui/packet_screen/PacketView.hpp:11:13:PacketView::~PacketView()	8	static
../../TouchGFX/gui/include/gui/packet_screen/PacketView.hpp:11:13:virtual PacketView::~PacketView()	8	static
C:/Github/stm32_widget/clock_widget_2/TouchGFX/gui/src/packet_screen/PacketView.cpp:3:1:PacketView::PacketView()	8	static
C:/Github/stm32_widget/clock_widget_2/TouchGFX/gui/src/packet_screen/PacketView.cpp:8:6:virtual void PacketView::setupScreen()	0	static
C:/Github/stm32_widget/clock_widget_2/TouchGFX/gui/src/packet_screen/PacketView.cpp:18:6:virtual void PacketView::uart_Data(char*)	8	static
