../../Middlewares/ST/touchgfx/framework/include/touchgfx/Screen.hpp:104:18:virtual void touchgfx::Screen::afterTransition()	0	static
../../Middlewares/ST/touchgfx/framework/include/touchgfx/Screen.hpp:154:18:virtual void touchgfx::Screen::handleKeyEvent(uint8_t)	0	static
../../TouchGFX/generated/gui_generated/include/gui_generated/robottheme_screen/robotThemeViewBase.hpp:34:18:virtual void robotThemeViewBase::scrollList1UpdateItem(CustomContainer1&, int16_t)	0	static
C:/Github/stm32_widget/clock_widget_2/TouchGFX/gui/src/robottheme_screen/robotThemeView.cpp:17:6:virtual void robotThemeView::tearDownScreen()	0	static
C:/Github/stm32_widget/clock_widget_2/TouchGFX/gui/src/robottheme_screen/robotThemeView.cpp:64:6:virtual void robotThemeView::buttonPlayClicked()	0	static
C:/Github/stm32_widget/clock_widget_2/TouchGFX/gui/src/robottheme_screen/robotThemeView.cpp:69:6:virtual void robotThemeView::buttonStopClicked()	0	static
C:/Github/stm32_widget/clock_widget_2/TouchGFX/gui/src/robottheme_screen/robotThemeView.cpp:74:6:virtual void robotThemeView::buttonResetClicked()	0	static
../../TouchGFX/gui/include/gui/robottheme_screen/robotThemeView.hpp:11:13:robotThemeView::~robotThemeView()	8	static
../../TouchGFX/gui/include/gui/robottheme_screen/robotThemeView.hpp:11:13:virtual robotThemeView::~robotThemeView()	8	static
C:/Github/stm32_widget/clock_widget_2/TouchGFX/gui/src/robottheme_screen/robotThemeView.cpp:3:1:robotThemeView::robotThemeView()	8	static
C:/Github/stm32_widget/clock_widget_2/TouchGFX/gui/src/robottheme_screen/robotThemeView.cpp:8:6:virtual void robotThemeView::setupScreen()	16	static
C:/Github/stm32_widget/clock_widget_2/TouchGFX/gui/src/robottheme_screen/robotThemeView.cpp:23:6:virtual void robotThemeView::handleTickEvent()	24	static
