../../Middlewares/ST/touchgfx/framework/include/touchgfx/Screen.hpp:104:18:virtual void touchgfx::Screen::afterTransition()	0	static
../../Middlewares/ST/touchgfx/framework/include/touchgfx/Screen.hpp:144:18:virtual void touchgfx::Screen::handleTickEvent()	0	static
../../Middlewares/ST/touchgfx/framework/include/touchgfx/Screen.hpp:154:18:virtual void touchgfx::Screen::handleKeyEvent(uint8_t)	0	static
C:/Github/stm32_widget/clock_widget_2/TouchGFX/gui/src/screen7_screen/Screen7View.cpp:13:6:virtual void Screen7View::tearDownScreen()	0	static
../../TouchGFX/gui/include/gui/screen7_screen/Screen7View.hpp:11:13:Screen7View::~Screen7View()	8	static
../../TouchGFX/gui/include/gui/screen7_screen/Screen7View.hpp:11:13:virtual Screen7View::~Screen7View()	8	static
C:/Github/stm32_widget/clock_widget_2/TouchGFX/gui/src/screen7_screen/Screen7View.cpp:3:1:Screen7View::Screen7View()	8	static
C:/Github/stm32_widget/clock_widget_2/TouchGFX/gui/src/screen7_screen/Screen7View.cpp:8:6:virtual void Screen7View::setupScreen()	0	static
