../../TouchGFX/gui/include/gui/model/ModelListener.hpp:18:19:virtual void ModelListener::uart_Data(char*)	0	static
../../TouchGFX/gui/include/gui/model/ModelListener.hpp:19:19:virtual void ModelListener::userButton()	0	static
../../TouchGFX/gui/include/gui/setting_screen/SettingPresenter.hpp:28:13:SettingPresenter::~SettingPresenter()	0	static
C:/Github/stm32_widget/clock_widget_2/TouchGFX/gui/src/setting_screen/SettingPresenter.cpp:10:6:virtual void SettingPresenter::activate()	0	static
../../TouchGFX/gui/include/gui/setting_screen/SettingPresenter.hpp:28:13:virtual SettingPresenter::~SettingPresenter()	8	static
../../TouchGFX/gui/include/gui/setting_screen/SettingPresenter.hpp:28:13:virtual void* SettingPresenter::_ZThn4_N16SettingPresenterD1Ev()	0	static
C:/Github/stm32_widget/clock_widget_2/TouchGFX/gui/src/setting_screen/SettingPresenter.cpp:4:1:SettingPresenter::SettingPresenter(SettingView&)	8	static
