../../Middlewares/ST/touchgfx/framework/include/touchgfx/Screen.hpp:104:18:virtual void touchgfx::Screen::afterTransition()	0	static
../../Middlewares/ST/touchgfx/framework/include/touchgfx/Screen.hpp:144:18:virtual void touchgfx::Screen::handleTickEvent()	0	static
../../Middlewares/ST/touchgfx/framework/include/touchgfx/Screen.hpp:154:18:virtual void touchgfx::Screen::handleKeyEvent(uint8_t)	0	static
C:/Github/stm32_widget/clock_widget_2/TouchGFX/gui/src/setting_screen/SettingView.cpp:13:6:virtual void SettingView::tearDownScreen()	0	static
../../TouchGFX/gui/include/gui/setting_screen/SettingView.hpp:11:13:SettingView::~SettingView()	8	static
../../TouchGFX/gui/include/gui/setting_screen/SettingView.hpp:11:13:virtual SettingView::~SettingView()	8	static
C:/Github/stm32_widget/clock_widget_2/TouchGFX/gui/src/setting_screen/SettingView.cpp:3:1:SettingView::SettingView()	8	static
C:/Github/stm32_widget/clock_widget_2/TouchGFX/gui/src/setting_screen/SettingView.cpp:8:6:virtual void SettingView::setupScreen()	0	static
